MO Tresholding NULL ../src/thresholding_beh.v vlg1B/_tresholding.bin 1466786613
MO Thresholding_Top NULL ../src/thresholding_top.v vlg15/_thresholding___top.bin 1466786613
MO dp_sram_coregen_b NULL dp_sram_coregen_b.v vlg7D/dp__sram__coregen__b.bin 1466786613
MO dp_sram_coregen_p NULL dp_sram_coregen_p.v vlg0B/dp__sram__coregen__p.bin 1466786613
